[backblue.gif]
[fade.gif]
[index.html]
[www.location-des-bernardins.fr/index.html]
[www.location-des-bernardins.fr/indexe790.html]
[www.location-des-bernardins.fr/index4942.html]
[www.location-des-bernardins.fr/index9e41.html]
[www.location-des-bernardins.fr/indexcdda.html]
[www.location-des-bernardins.fr/index01b4.html]
[www.location-des-bernardins.fr/index7cc9.html]
[www.location-des-bernardins.fr/indexb99c.html]
[www.location-des-bernardins.fr/indexd307.html]
[www.location-des-bernardins.fr/includes/js/jscalendar-1.0/calendar_stripped.js]
[www.location-des-bernardins.fr/includes/js/jscalendar-1.0/lang/calendar-en.js]
[www.location-des-bernardins.fr/index4acc.html]
[www.location-des-bernardins.fr/indexc230.html]
[www.location-des-bernardins.fr/indexf119.html]
[www.location-des-bernardins.fr/indexe882.html]
[www.location-des-bernardins.fr/indexaf14.html]
[www.location-des-bernardins.fr/index4306.html]
[www.location-des-bernardins.fr/index4e49.html]
[www.location-des-bernardins.fr/index3363.html]
[www.location-des-bernardins.fr/indexba6b.html]
[www.location-des-bernardins.fr/indexd237.html]
[www.location-des-bernardins.fr/index6e6b.html]
[www.location-des-bernardins.fr/indexebde.html]
[www.location-des-bernardins.fr/index2e17.html]
[www.location-des-bernardins.fr/index97fd.html]
[www.location-des-bernardins.fr/index1c8f.html]
[www.location-des-bernardins.fr/includes/js/jscalendar-1.0/menuarrow.gif]
[www.location-des-bernardins.fr/includes/js/jscalendar-1.0/calendar-system.css]
